













The Old Testament of the King James Version of the Bible
22:21 The grace of our Lord Jesus Christ be with you all. Amen.












